###############################################################################
#                                                                             #
# IAR ELF Linker V6.40.2.53884/W32 for ARM              24/Apr/2014  15:47:40 #
# Copyright 2007-2012 IAR Systems AB.                                         #
#                                                                             #
#    Output file  =  C:\devel\GitHub\RoboController\LLU\Sonar-Module\Projects #
#                    \EWARM\Sonar-Module Configuration\Exe\Sonar-Module       #
#                    Configuration.out                                        #
#    Map file     =  C:\devel\GitHub\RoboController\LLU\Sonar-Module\Projects #
#                    \EWARM\Sonar-Module Configuration/List\Sonar-Module      #
#                    Configuration.map                                        #
#    Command line =  "C:\devel\GitHub\RoboController\LLU\Sonar-Module\Project #
#                    s\EWARM\Sonar-Module Configuration\Obj\main.o"           #
#                    "C:\devel\GitHub\RoboController\LLU\Sonar-Module\Project #
#                    s\EWARM\Sonar-Module Configuration\Obj\startup_stm32f407 #
#                    xx.o" "C:\devel\GitHub\RoboController\LLU\Sonar-Module\P #
#                    rojects\EWARM\Sonar-Module Configuration\Obj\stm32f4xx_h #
#                    al.o" "C:\devel\GitHub\RoboController\LLU\Sonar-Module\P #
#                    rojects\EWARM\Sonar-Module Configuration\Obj\stm32f4xx_h #
#                    al_cortex.o" "C:\devel\GitHub\RoboController\LLU\Sonar-M #
#                    odule\Projects\EWARM\Sonar-Module                        #
#                    Configuration\Obj\stm32f4xx_hal_dma.o"                   #
#                    "C:\devel\GitHub\RoboController\LLU\Sonar-Module\Project #
#                    s\EWARM\Sonar-Module Configuration\Obj\stm32f4xx_hal_dma #
#                    _ex.o" "C:\devel\GitHub\RoboController\LLU\Sonar-Module\ #
#                    Projects\EWARM\Sonar-Module                              #
#                    Configuration\Obj\stm32f4xx_hal_flash.o"                 #
#                    "C:\devel\GitHub\RoboController\LLU\Sonar-Module\Project #
#                    s\EWARM\Sonar-Module Configuration\Obj\stm32f4xx_hal_fla #
#                    sh_ex.o" "C:\devel\GitHub\RoboController\LLU\Sonar-Modul #
#                    e\Projects\EWARM\Sonar-Module                            #
#                    Configuration\Obj\stm32f4xx_hal_gpio.o"                  #
#                    "C:\devel\GitHub\RoboController\LLU\Sonar-Module\Project #
#                    s\EWARM\Sonar-Module Configuration\Obj\stm32f4xx_hal_msp #
#                    .o" "C:\devel\GitHub\RoboController\LLU\Sonar-Module\Pro #
#                    jects\EWARM\Sonar-Module Configuration\Obj\stm32f4xx_hal #
#                    _pwr.o" "C:\devel\GitHub\RoboController\LLU\Sonar-Module #
#                    \Projects\EWARM\Sonar-Module                             #
#                    Configuration\Obj\stm32f4xx_hal_pwr_ex.o"                #
#                    "C:\devel\GitHub\RoboController\LLU\Sonar-Module\Project #
#                    s\EWARM\Sonar-Module Configuration\Obj\stm32f4xx_hal_rcc #
#                    .o" "C:\devel\GitHub\RoboController\LLU\Sonar-Module\Pro #
#                    jects\EWARM\Sonar-Module Configuration\Obj\stm32f4xx_hal #
#                    _rcc_ex.o" "C:\devel\GitHub\RoboController\LLU\Sonar-Mod #
#                    ule\Projects\EWARM\Sonar-Module                          #
#                    Configuration\Obj\stm32f4xx_hal_tim.o"                   #
#                    "C:\devel\GitHub\RoboController\LLU\Sonar-Module\Project #
#                    s\EWARM\Sonar-Module Configuration\Obj\stm32f4xx_hal_tim #
#                    _ex.o" "C:\devel\GitHub\RoboController\LLU\Sonar-Module\ #
#                    Projects\EWARM\Sonar-Module                              #
#                    Configuration\Obj\stm32f4xx_it.o"                        #
#                    "C:\devel\GitHub\RoboController\LLU\Sonar-Module\Project #
#                    s\EWARM\Sonar-Module Configuration\Obj\system_stm32f4xx. #
#                    o" --redirect _Printf=_PrintfFull --redirect             #
#                    _Scanf=_ScanfFull -o "C:\devel\GitHub\RoboController\LLU #
#                    \Sonar-Module\Projects\EWARM\Sonar-Module                #
#                    Configuration\Exe\Sonar-Module Configuration.out" --map  #
#                    "C:\devel\GitHub\RoboController\LLU\Sonar-Module\Project #
#                    s\EWARM\Sonar-Module Configuration/List\Sonar-Module     #
#                    Configuration.map" --config "C:\Program Files (x86)\IAR  #
#                    Systems\Embedded Workbench 6.4\arm\config\linker\ST\stm3 #
#                    2f407xG.icf" --semihosting --entry __iar_program_start   #
#                    --vfe                                                    #
#                                                                             #
#                                                                             #
###############################################################################

*******************************************************************************
*** RUNTIME MODEL ATTRIBUTES
***

CppFlavor       = *
__SystemLibrary = DLib


*******************************************************************************
*** PLACEMENT SUMMARY
***

"A1":  place at 0x08000000 { ro section .intvec };
"P1":  place in [from 0x08000000 to 0x080fffff] { ro };
"P2":  place in [from 0x20000000 to 0x2001ffff] { rw, block CSTACK, block HEAP };

  Section            Kind        Address    Size  Object
  -------            ----        -------    ----  ------
"A1":                                      0x188
  .intvec            ro code  0x08000000   0x188  startup_stm32f407xx.o [1]
                            - 0x08000188   0x188

"P1":                                     0x1878
  .text              ro code  0x08000188   0xa32  stm32f4xx_hal_tim.o [1]
  .text              ro code  0x08000bba    0x2e  copy_init3.o [5]
  .text              ro code  0x08000be8    0x88  stm32f4xx_hal_msp.o [1]
  .text              ro code  0x08000c70   0x220  main.o [1]
  .text              ro code  0x08000e90     0x4  stm32f4xx_hal_tim_ex.o [1]
  .text              ro code  0x08000e94   0x214  stm32f4xx_hal_gpio.o [1]
  .text              ro code  0x080010a8   0x108  stm32f4xx_hal_cortex.o [1]
  .text              ro code  0x080011b0    0x64  stm32f4xx_hal.o [1]
  .text              ro code  0x08001214   0x51c  stm32f4xx_hal_rcc.o [1]
  .text              ro code  0x08001730    0x50  system_stm32f4xx.o [1]
  .text              ro code  0x08001780    0x28  data_init3.o [5]
  .text              ro code  0x080017a8    0x22  zero_init3.o [5]
  .iar.init_table    const    0x080017cc    0x24  - Linker created -
  .text              ro code  0x080017f0    0x1c  stm32f4xx_it.o [1]
  .text              ro code  0x0800180c    0x1a  fpinit_M.o [4]
  .text              ro code  0x08001828    0x16  cmain.o [5]
  .text              ro code  0x0800183e     0x4  low_level_init.o [3]
  .text              ro code  0x08001842     0x4  exit.o [3]
  .text              ro code  0x08001848     0xa  cexit.o [5]
  .text              ro code  0x08001854    0x14  exit.o [6]
  .text              ro code  0x08001868    0x10  startup_stm32f407xx.o [1]
  .text              ro code  0x08001878     0xc  cstartup_M.o [5]
  .text              ro code  0x08001884     0x4  startup_stm32f407xx.o [1]
  .text              ro code  0x08001888     0x4  startup_stm32f407xx.o [1]
  .text              ro code  0x0800188c     0x4  startup_stm32f407xx.o [1]
  .text              ro code  0x08001890     0x4  startup_stm32f407xx.o [1]
  .text              ro code  0x08001894     0x4  startup_stm32f407xx.o [1]
  .text              ro code  0x08001898     0x4  startup_stm32f407xx.o [1]
  .text              ro code  0x0800189c     0x4  startup_stm32f407xx.o [1]
  .text              ro code  0x080018a0     0x4  startup_stm32f407xx.o [1]
  .text              ro code  0x080018a4     0x4  startup_stm32f407xx.o [1]
  .text              ro code  0x080018a8     0x4  startup_stm32f407xx.o [1]
  .text              ro code  0x080018ac     0x4  startup_stm32f407xx.o [1]
  .text              ro code  0x080018b0     0x4  startup_stm32f407xx.o [1]
  .text              ro code  0x080018b4     0x4  startup_stm32f407xx.o [1]
  .text              ro code  0x080018b8     0x4  startup_stm32f407xx.o [1]
  .text              ro code  0x080018bc     0x4  startup_stm32f407xx.o [1]
  .text              ro code  0x080018c0     0x4  startup_stm32f407xx.o [1]
  .text              ro code  0x080018c4     0x4  startup_stm32f407xx.o [1]
  .text              ro code  0x080018c8     0x4  startup_stm32f407xx.o [1]
  .text              ro code  0x080018cc     0x4  startup_stm32f407xx.o [1]
  .text              ro code  0x080018d0     0x4  startup_stm32f407xx.o [1]
  .text              ro code  0x080018d4     0x4  startup_stm32f407xx.o [1]
  .text              ro code  0x080018d8     0x4  startup_stm32f407xx.o [1]
  .text              ro code  0x080018dc     0x4  startup_stm32f407xx.o [1]
  .text              ro code  0x080018e0     0x4  startup_stm32f407xx.o [1]
  .text              ro code  0x080018e4     0x4  startup_stm32f407xx.o [1]
  .text              ro code  0x080018e8     0x4  startup_stm32f407xx.o [1]
  .text              ro code  0x080018ec     0x4  startup_stm32f407xx.o [1]
  .text              ro code  0x080018f0     0x4  startup_stm32f407xx.o [1]
  .text              ro code  0x080018f4     0x4  startup_stm32f407xx.o [1]
  .text              ro code  0x080018f8     0x4  startup_stm32f407xx.o [1]
  .text              ro code  0x080018fc     0x4  startup_stm32f407xx.o [1]
  .text              ro code  0x08001900     0x4  startup_stm32f407xx.o [1]
  .text              ro code  0x08001904     0x4  startup_stm32f407xx.o [1]
  .text              ro code  0x08001908     0x4  startup_stm32f407xx.o [1]
  .text              ro code  0x0800190c     0x4  startup_stm32f407xx.o [1]
  .text              ro code  0x08001910     0x4  startup_stm32f407xx.o [1]
  .text              ro code  0x08001914     0x4  startup_stm32f407xx.o [1]
  .text              ro code  0x08001918     0x4  startup_stm32f407xx.o [1]
  .text              ro code  0x0800191c     0x4  startup_stm32f407xx.o [1]
  .text              ro code  0x08001920     0x4  startup_stm32f407xx.o [1]
  .text              ro code  0x08001924     0x4  startup_stm32f407xx.o [1]
  .text              ro code  0x08001928     0x4  startup_stm32f407xx.o [1]
  .text              ro code  0x0800192c     0x4  startup_stm32f407xx.o [1]
  .text              ro code  0x08001930     0x4  startup_stm32f407xx.o [1]
  .text              ro code  0x08001934     0x4  startup_stm32f407xx.o [1]
  .text              ro code  0x08001938     0x4  startup_stm32f407xx.o [1]
  .text              ro code  0x0800193c     0x4  startup_stm32f407xx.o [1]
  .text              ro code  0x08001940     0x4  startup_stm32f407xx.o [1]
  .text              ro code  0x08001944     0x4  startup_stm32f407xx.o [1]
  .text              ro code  0x08001948     0x4  startup_stm32f407xx.o [1]
  .text              ro code  0x0800194c     0x4  startup_stm32f407xx.o [1]
  .text              ro code  0x08001950     0x4  startup_stm32f407xx.o [1]
  .text              ro code  0x08001954     0x4  startup_stm32f407xx.o [1]
  .text              ro code  0x08001958     0x4  startup_stm32f407xx.o [1]
  .text              ro code  0x0800195c     0x4  startup_stm32f407xx.o [1]
  .text              ro code  0x08001960     0x4  startup_stm32f407xx.o [1]
  .text              ro code  0x08001964     0x4  startup_stm32f407xx.o [1]
  .text              ro code  0x08001968     0x4  startup_stm32f407xx.o [1]
  .text              ro code  0x0800196c     0x4  startup_stm32f407xx.o [1]
  .text              ro code  0x08001970     0x4  startup_stm32f407xx.o [1]
  .text              ro code  0x08001974     0x4  startup_stm32f407xx.o [1]
  .text              ro code  0x08001978     0x4  startup_stm32f407xx.o [1]
  .text              ro code  0x0800197c     0x4  startup_stm32f407xx.o [1]
  .text              ro code  0x08001980     0x4  startup_stm32f407xx.o [1]
  .text              ro code  0x08001984     0x4  startup_stm32f407xx.o [1]
  .text              ro code  0x08001988     0x4  startup_stm32f407xx.o [1]
  .text              ro code  0x0800198c     0x4  startup_stm32f407xx.o [1]
  .text              ro code  0x08001990     0x4  startup_stm32f407xx.o [1]
  .text              ro code  0x08001994     0x4  startup_stm32f407xx.o [1]
  .text              ro code  0x08001998     0x4  startup_stm32f407xx.o [1]
  .text              ro code  0x0800199c     0x4  startup_stm32f407xx.o [1]
  .text              ro code  0x080019a0     0x4  startup_stm32f407xx.o [1]
  .text              ro code  0x080019a4     0x4  startup_stm32f407xx.o [1]
  .text              ro code  0x080019a8     0x4  startup_stm32f407xx.o [1]
  .text              ro code  0x080019ac     0x4  startup_stm32f407xx.o [1]
  .text              ro code  0x080019b0     0x4  startup_stm32f407xx.o [1]
  .text              ro code  0x080019b4     0x4  startup_stm32f407xx.o [1]
  .text              ro code  0x080019b8     0x4  startup_stm32f407xx.o [1]
  .text              ro code  0x080019bc     0x4  startup_stm32f407xx.o [1]
  .text              ro code  0x080019c0     0x4  startup_stm32f407xx.o [1]
  .text              ro code  0x080019c4     0x4  startup_stm32f407xx.o [1]
  .text              ro code  0x080019c8     0x4  startup_stm32f407xx.o [1]
  .text              ro code  0x080019cc     0x4  startup_stm32f407xx.o [1]
  .text              ro code  0x080019d0     0x4  startup_stm32f407xx.o [1]
  .text              ro code  0x080019d4     0x4  startup_stm32f407xx.o [1]
  .text              ro code  0x080019d8     0x4  startup_stm32f407xx.o [1]
  .text              ro code  0x080019dc     0x4  startup_stm32f407xx.o [1]
  .text              ro code  0x080019e0     0x4  startup_stm32f407xx.o [1]
  .text              ro code  0x080019e4     0x4  startup_stm32f407xx.o [1]
  .text              ro code  0x080019e8     0x4  startup_stm32f407xx.o [1]
  .rodata            const    0x080019ec     0x0  zero_init3.o [5]
  .rodata            const    0x080019ec     0x0  copy_init3.o [5]
  Initializer bytes  ro data  0x080019ec    0x14  <for P2 s0>
                            - 0x08001a00  0x1878

"P2", part 1 of 3:                          0x14
  P2 s0                       0x20000000    0x14  <Init block>
    .data            inited   0x20000000    0x14  system_stm32f4xx.o [1]
                            - 0x20000014    0x14

"P2", part 2 of 3:                          0x84
  .bss               zero     0x20000014    0x80  main.o [1]
  .bss               zero     0x20000094     0x4  stm32f4xx_hal.o [1]
                            - 0x20000098    0x84

"P2", part 3 of 3:                        0x2000
  CSTACK                      0x20000098  0x2000  <Block>
    CSTACK           uninit   0x20000098  0x2000  <Block tail>
                            - 0x20002098  0x2000


*******************************************************************************
*** INIT TABLE
***

          Address     Size
          -------     ----
Zero (__iar_zero_init3)
    1 destination range, total size 0x84:
          0x20000014  0x84

Copy (__iar_copy_init3)
    1 source range, total size 0x14:
          0x080019ec  0x14
    1 destination range, total size 0x14:
          0x20000000  0x14



*******************************************************************************
*** MODULE SUMMARY
***

    Module                  ro code  ro data  rw data
    ------                  -------  -------  -------
C:\devel\GitHub\RoboController\LLU\Sonar-Module\Projects\EWARM\Sonar-Module Configuration\Obj: [1]
    main.o                      544               128
    startup_stm32f407xx.o       768
    stm32f4xx_hal.o             100                 4
    stm32f4xx_hal_cortex.o      264
    stm32f4xx_hal_gpio.o        532
    stm32f4xx_hal_msp.o         136
    stm32f4xx_hal_rcc.o       1 308
    stm32f4xx_hal_tim.o       2 610
    stm32f4xx_hal_tim_ex.o        4
    stm32f4xx_it.o               28
    system_stm32f4xx.o           80       20       20
    -------------------------------------------------
    Total:                    6 374       20      152

command line: [2]
    -------------------------------------------------
    Total:

dl7M_tln.a: [3]
    exit.o                        4
    low_level_init.o              4
    -------------------------------------------------
    Total:                        8

m7M_tlv.a: [4]
    fpinit_M.o                   26
    -------------------------------------------------
    Total:                       26

rt7M_tl.a: [5]
    cexit.o                      10
    cmain.o                      22
    copy_init3.o                 46
    cstartup_M.o                 12
    data_init3.o                 40
    zero_init3.o                 34
    -------------------------------------------------
    Total:                      164

shb_l.a: [6]
    exit.o                       20
    -------------------------------------------------
    Total:                       20

    Gaps                          6        2
    Linker created                        36    8 192
-----------------------------------------------------
    Grand Total:              6 598       58    8 344


*******************************************************************************
*** ENTRY LIST
***

Entry                      Address   Size  Type      Object
-----                      -------   ----  ----      ------
?main                   0x08001829         Code  Gb  cmain.o [5]
ADC_IRQHandler          0x080018f1         Code  Wk  startup_stm32f407xx.o [1]
AHBPrescTable           0x20000000   0x10  Data  Gb  system_stm32f4xx.o [1]
APBAHBPrescTable        0x08001720   0x10  Data  Gb  stm32f4xx_hal_rcc.o [1]
BusFault_Handler        0x08001891         Code  Wk  startup_stm32f407xx.o [1]
CAN1_RX0_IRQHandler     0x080018f9         Code  Wk  startup_stm32f407xx.o [1]
CAN1_RX1_IRQHandler     0x080018fd         Code  Wk  startup_stm32f407xx.o [1]
CAN1_SCE_IRQHandler     0x08001901         Code  Wk  startup_stm32f407xx.o [1]
CAN1_TX_IRQHandler      0x080018f5         Code  Wk  startup_stm32f407xx.o [1]
CAN2_RX0_IRQHandler     0x080019a9         Code  Wk  startup_stm32f407xx.o [1]
CAN2_RX1_IRQHandler     0x080019ad         Code  Wk  startup_stm32f407xx.o [1]
CAN2_SCE_IRQHandler     0x080019b1         Code  Wk  startup_stm32f407xx.o [1]
CAN2_TX_IRQHandler      0x080019a5         Code  Wk  startup_stm32f407xx.o [1]
CSTACK$$Base            0x20000098          --   Gb  - Linker created -
CSTACK$$Limit           0x20002098          --   Gb  - Linker created -
DCMI_IRQHandler         0x080019e1         Code  Wk  startup_stm32f407xx.o [1]
DMA1_Stream0_IRQHandler
                        0x080018d5         Code  Wk  startup_stm32f407xx.o [1]
DMA1_Stream1_IRQHandler
                        0x080018d9         Code  Wk  startup_stm32f407xx.o [1]
DMA1_Stream2_IRQHandler
                        0x080018dd         Code  Wk  startup_stm32f407xx.o [1]
DMA1_Stream3_IRQHandler
                        0x080018e1         Code  Wk  startup_stm32f407xx.o [1]
DMA1_Stream4_IRQHandler
                        0x080018e5         Code  Wk  startup_stm32f407xx.o [1]
DMA1_Stream5_IRQHandler
                        0x080018e9         Code  Wk  startup_stm32f407xx.o [1]
DMA1_Stream6_IRQHandler
                        0x080018ed         Code  Wk  startup_stm32f407xx.o [1]
DMA1_Stream7_IRQHandler
                        0x08001965         Code  Wk  startup_stm32f407xx.o [1]
DMA2_Stream0_IRQHandler
                        0x08001989         Code  Wk  startup_stm32f407xx.o [1]
DMA2_Stream1_IRQHandler
                        0x0800198d         Code  Wk  startup_stm32f407xx.o [1]
DMA2_Stream2_IRQHandler
                        0x08001991         Code  Wk  startup_stm32f407xx.o [1]
DMA2_Stream3_IRQHandler
                        0x08001995         Code  Wk  startup_stm32f407xx.o [1]
DMA2_Stream4_IRQHandler
                        0x08001999         Code  Wk  startup_stm32f407xx.o [1]
DMA2_Stream5_IRQHandler
                        0x080019b9         Code  Wk  startup_stm32f407xx.o [1]
DMA2_Stream6_IRQHandler
                        0x080019bd         Code  Wk  startup_stm32f407xx.o [1]
DMA2_Stream7_IRQHandler
                        0x080019c1         Code  Wk  startup_stm32f407xx.o [1]
DebugMon_Handler        0x0800189d         Code  Wk  startup_stm32f407xx.o [1]
ETH_IRQHandler          0x0800199d         Code  Wk  startup_stm32f407xx.o [1]
ETH_WKUP_IRQHandler     0x080019a1         Code  Wk  startup_stm32f407xx.o [1]
EXTI0_IRQHandler        0x080018c1         Code  Wk  startup_stm32f407xx.o [1]
EXTI15_10_IRQHandler    0x08001949         Code  Wk  startup_stm32f407xx.o [1]
EXTI1_IRQHandler        0x080018c5         Code  Wk  startup_stm32f407xx.o [1]
EXTI2_IRQHandler        0x080018c9         Code  Wk  startup_stm32f407xx.o [1]
EXTI3_IRQHandler        0x080018cd         Code  Wk  startup_stm32f407xx.o [1]
EXTI4_IRQHandler        0x080018d1         Code  Wk  startup_stm32f407xx.o [1]
EXTI9_5_IRQHandler      0x08001905         Code  Wk  startup_stm32f407xx.o [1]
FLASH_IRQHandler        0x080018b9         Code  Wk  startup_stm32f407xx.o [1]
FPU_IRQHandler          0x080019e9         Code  Wk  startup_stm32f407xx.o [1]
FSMC_IRQHandler         0x08001969         Code  Wk  startup_stm32f407xx.o [1]
HAL_Delay               0x080011f5   0x16  Code  Gb  stm32f4xx_hal.o [1]
HAL_GPIO_Init           0x08000e95  0x1ca  Code  Gb  stm32f4xx_hal_gpio.o [1]
HAL_GPIO_TogglePin      0x0800106b    0x8  Code  Gb  stm32f4xx_hal_gpio.o [1]
HAL_GPIO_WritePin       0x0800105f    0xc  Code  Gb  stm32f4xx_hal_gpio.o [1]
HAL_GetTick             0x080011ef    0x6  Code  Gb  stm32f4xx_hal.o [1]
HAL_IncTick             0x080011e5    0xa  Code  Gb  stm32f4xx_hal.o [1]
HAL_Init                0x080011b1   0x32  Code  Gb  stm32f4xx_hal.o [1]
HAL_MspInit             0x080011e3    0x2  Code  Wk  stm32f4xx_hal.o [1]
HAL_NVIC_ClearPendingIRQ
                        0x08001191    0x2  Code  Gb  stm32f4xx_hal_cortex.o [1]
HAL_NVIC_EnableIRQ      0x0800118d    0x2  Code  Gb  stm32f4xx_hal_cortex.o [1]
HAL_NVIC_SetPriority    0x0800116f   0x1e  Code  Gb  stm32f4xx_hal_cortex.o [1]
HAL_NVIC_SetPriorityGrouping
                        0x0800116d    0x2  Code  Gb  stm32f4xx_hal_cortex.o [1]
HAL_RCC_ClockConfig     0x080014e3  0x18e  Code  Gb  stm32f4xx_hal_rcc.o [1]
HAL_RCC_GetHCLKFreq     0x080016c9   0x1e  Code  Gb  stm32f4xx_hal_rcc.o [1]
HAL_RCC_GetSysClockFreq
                        0x08001671   0x58  Code  Gb  stm32f4xx_hal_rcc.o [1]
HAL_RCC_OscConfig       0x0800125d  0x286  Code  Gb  stm32f4xx_hal_rcc.o [1]
HAL_SYSTICK_Config      0x0800118f    0x2  Code  Gb  stm32f4xx_hal_cortex.o [1]
HAL_TIMEx_BreakCallback
                        0x08000e93    0x2  Code  Wk  stm32f4xx_hal_tim_ex.o [1]
HAL_TIMEx_CommutationCallback
                        0x08000e91    0x2  Code  Wk  stm32f4xx_hal_tim_ex.o [1]
HAL_TIM_Base_Init       0x08000189   0x30  Code  Gb  stm32f4xx_hal_tim.o [1]
HAL_TIM_Base_MspInit    0x08000be9   0x74  Code  Gb  stm32f4xx_hal_msp.o [1]
HAL_TIM_ConfigClockSource
                        0x080005ef  0x104  Code  Gb  stm32f4xx_hal_tim.o [1]
HAL_TIM_IC_CaptureCallback
                        0x08000e39   0x3a  Code  Gb  main.o [1]
HAL_TIM_IC_ConfigChannel
                        0x08000467   0xb0  Code  Gb  stm32f4xx_hal_tim.o [1]
HAL_TIM_IC_Init         0x08000229   0x30  Code  Gb  stm32f4xx_hal_tim.o [1]
HAL_TIM_IC_MspInit      0x08000259    0x2  Code  Wk  stm32f4xx_hal_tim.o [1]
HAL_TIM_IC_Start_IT     0x0800025b   0x5a  Code  Gb  stm32f4xx_hal_tim.o [1]
HAL_TIM_IRQHandler      0x08000305  0x162  Code  Gb  stm32f4xx_hal_tim.o [1]
HAL_TIM_OC_DelayElapsedCallback
                        0x080007d5    0x2  Code  Wk  stm32f4xx_hal_tim.o [1]
HAL_TIM_OnePulse_Init   0x080002b5   0x46  Code  Gb  stm32f4xx_hal_tim.o [1]
HAL_TIM_OnePulse_MspInit
                        0x080002fb    0x2  Code  Wk  stm32f4xx_hal_tim.o [1]
HAL_TIM_PWM_ConfigChannel
                        0x08000517   0xd8  Code  Gb  stm32f4xx_hal_tim.o [1]
HAL_TIM_PWM_Init        0x080001b9   0x30  Code  Gb  stm32f4xx_hal_tim.o [1]
HAL_TIM_PWM_MspInit     0x080001e9    0x2  Code  Wk  stm32f4xx_hal_tim.o [1]
HAL_TIM_PWM_PulseFinishedCallback
                        0x080007d7    0x2  Code  Wk  stm32f4xx_hal_tim.o [1]
HAL_TIM_PWM_Start       0x080001eb   0x3e  Code  Gb  stm32f4xx_hal_tim.o [1]
HAL_TIM_PeriodElapsedCallback
                        0x080007d3    0x2  Code  Wk  stm32f4xx_hal_tim.o [1]
HAL_TIM_ReadCapturedValue
                        0x0800078d   0x46  Code  Gb  stm32f4xx_hal_tim.o [1]
HAL_TIM_SlaveConfigSynchronization
                        0x080006f5   0x98  Code  Gb  stm32f4xx_hal_tim.o [1]
HAL_TIM_TriggerCallback
                        0x080007d9    0x2  Code  Wk  stm32f4xx_hal_tim.o [1]
HASH_RNG_IRQHandler     0x080019e5         Code  Wk  startup_stm32f407xx.o [1]
HardFault_Handler       0x08001889         Code  Wk  startup_stm32f407xx.o [1]
I2C1_ER_IRQHandler      0x08001929         Code  Wk  startup_stm32f407xx.o [1]
I2C1_EV_IRQHandler      0x08001925         Code  Wk  startup_stm32f407xx.o [1]
I2C2_ER_IRQHandler      0x08001931         Code  Wk  startup_stm32f407xx.o [1]
I2C2_EV_IRQHandler      0x0800192d         Code  Wk  startup_stm32f407xx.o [1]
I2C3_ER_IRQHandler      0x080019cd         Code  Wk  startup_stm32f407xx.o [1]
I2C3_EV_IRQHandler      0x080019c9         Code  Wk  startup_stm32f407xx.o [1]
MX_GPIO_Init            0x08000de3   0x56  Code  Lc  main.o [1]
MX_TIM12_Init           0x08000d13   0x78  Code  Lc  main.o [1]
MX_TIM13_Init           0x08000d8b   0x58  Code  Lc  main.o [1]
MemManage_Handler       0x0800188d         Code  Wk  startup_stm32f407xx.o [1]
NMI_Handler             0x08001885         Code  Wk  startup_stm32f407xx.o [1]
NVIC_ClearPendingIRQ    0x080010e1   0x14  Code  Lc  stm32f4xx_hal_cortex.o [1]
NVIC_EnableIRQ          0x080010cd   0x14  Code  Lc  stm32f4xx_hal_cortex.o [1]
NVIC_EncodePriority     0x0800110f   0x36  Code  Lc  stm32f4xx_hal_cortex.o [1]
NVIC_GetPriorityGrouping
                        0x080010c3    0xa  Code  Lc  stm32f4xx_hal_cortex.o [1]
NVIC_SetPriority        0x080010f5   0x1a  Code  Lc  stm32f4xx_hal_cortex.o [1]
NVIC_SetPriority        0x08001215   0x1e  Code  Lc  stm32f4xx_hal_rcc.o [1]
NVIC_SetPriorityGrouping
                        0x080010a9   0x1a  Code  Lc  stm32f4xx_hal_cortex.o [1]
OTG_FS_IRQHandler       0x080019b5         Code  Wk  startup_stm32f407xx.o [1]
OTG_FS_WKUP_IRQHandler  0x08001951         Code  Wk  startup_stm32f407xx.o [1]
OTG_HS_EP1_IN_IRQHandler
                        0x080019d5         Code  Wk  startup_stm32f407xx.o [1]
OTG_HS_EP1_OUT_IRQHandler
                        0x080019d1         Code  Wk  startup_stm32f407xx.o [1]
OTG_HS_IRQHandler       0x080019dd         Code  Wk  startup_stm32f407xx.o [1]
OTG_HS_WKUP_IRQHandler  0x080019d9         Code  Wk  startup_stm32f407xx.o [1]
PVD_IRQHandler          0x080018ad         Code  Wk  startup_stm32f407xx.o [1]
PendSV_Handler          0x080018a1         Code  Wk  startup_stm32f407xx.o [1]
RCC_IRQHandler          0x080018bd         Code  Wk  startup_stm32f407xx.o [1]
RTC_Alarm_IRQHandler    0x0800194d         Code  Wk  startup_stm32f407xx.o [1]
RTC_WKUP_IRQHandler     0x080018b5         Code  Wk  startup_stm32f407xx.o [1]
Region$$Table$$Base     0x080017cc          --   Gb  - Linker created -
Region$$Table$$Limit    0x080017f0          --   Gb  - Linker created -
Reset_Handler           0x08001869         Code  Wk  startup_stm32f407xx.o [1]
SDIO_IRQHandler         0x0800196d         Code  Wk  startup_stm32f407xx.o [1]
SPI1_IRQHandler         0x08001935         Code  Wk  startup_stm32f407xx.o [1]
SPI2_IRQHandler         0x08001939         Code  Wk  startup_stm32f407xx.o [1]
SPI3_IRQHandler         0x08001975         Code  Wk  startup_stm32f407xx.o [1]
SVC_Handler             0x08001899         Code  Wk  startup_stm32f407xx.o [1]
SysTick_Config          0x08001145   0x28  Code  Lc  stm32f4xx_hal_cortex.o [1]
SysTick_Config          0x08001233   0x2a  Code  Lc  stm32f4xx_hal_rcc.o [1]
SysTick_Handler         0x08001809    0x4  Code  Gb  stm32f4xx_it.o [1]
SystemClock_Config      0x08000cc5   0x4e  Code  Lc  main.o [1]
SystemCoreClock         0x20000010    0x4  Data  Gb  system_stm32f4xx.o [1]
SystemInit              0x08001731   0x3a  Code  Gb  system_stm32f4xx.o [1]
TAMP_STAMP_IRQHandler   0x080018b1         Code  Wk  startup_stm32f407xx.o [1]
TIM1_BRK_TIM9_IRQHandler
                        0x08001909         Code  Wk  startup_stm32f407xx.o [1]
TIM1_CC_IRQHandler      0x08001915         Code  Wk  startup_stm32f407xx.o [1]
TIM1_TRG_COM_TIM11_IRQHandler
                        0x08001911         Code  Wk  startup_stm32f407xx.o [1]
TIM1_UP_TIM10_IRQHandler
                        0x0800190d         Code  Wk  startup_stm32f407xx.o [1]
TIM2_IRQHandler         0x08001919         Code  Wk  startup_stm32f407xx.o [1]
TIM3_IRQHandler         0x0800191d         Code  Wk  startup_stm32f407xx.o [1]
TIM4_IRQHandler         0x08001921         Code  Wk  startup_stm32f407xx.o [1]
TIM5_IRQHandler         0x08001971         Code  Wk  startup_stm32f407xx.o [1]
TIM6_DAC_IRQHandler     0x08001981         Code  Wk  startup_stm32f407xx.o [1]
TIM7_IRQHandler         0x08001985         Code  Wk  startup_stm32f407xx.o [1]
TIM8_BRK_TIM12_IRQHandler
                        0x080017f1   0x12  Code  Gb  stm32f4xx_it.o [1]
TIM8_CC_IRQHandler      0x08001961         Code  Wk  startup_stm32f407xx.o [1]
TIM8_TRG_COM_TIM14_IRQHandler
                        0x0800195d         Code  Wk  startup_stm32f407xx.o [1]
TIM8_UP_TIM13_IRQHandler
                        0x08001959         Code  Wk  startup_stm32f407xx.o [1]
TIM_Base_SetConfig      0x080007db   0xbc  Code  Gb  stm32f4xx_hal_tim.o [1]
TIM_CCxChannelCmd       0x08000ba1   0x1a  Code  Gb  stm32f4xx_hal_tim.o [1]
TIM_ETR_SetConfig       0x08000b8b   0x16  Code  Lc  stm32f4xx_hal_tim.o [1]
TIM_ITRx_SetConfig      0x08000b7b   0x10  Code  Lc  stm32f4xx_hal_tim.o [1]
TIM_OC1_SetConfig       0x08000897   0x5c  Code  Lc  stm32f4xx_hal_tim.o [1]
TIM_OC2_SetConfig       0x080008f3   0x64  Code  Gb  stm32f4xx_hal_tim.o [1]
TIM_OC3_SetConfig       0x08000957   0x62  Code  Lc  stm32f4xx_hal_tim.o [1]
TIM_OC4_SetConfig       0x080009b9   0x52  Code  Lc  stm32f4xx_hal_tim.o [1]
TIM_TI1_ConfigInputStage
                        0x08000aa9   0x24  Code  Lc  stm32f4xx_hal_tim.o [1]
TIM_TI1_SetConfig       0x08000a0b   0x6c  Code  Gb  stm32f4xx_hal_tim.o [1]
TIM_TI2_ConfigInputStage
                        0x08000afb   0x26  Code  Lc  stm32f4xx_hal_tim.o [1]
TIM_TI2_SetConfig       0x08000acd   0x2e  Code  Lc  stm32f4xx_hal_tim.o [1]
TIM_TI3_SetConfig       0x08000b21   0x2c  Code  Lc  stm32f4xx_hal_tim.o [1]
TIM_TI4_SetConfig       0x08000b4d   0x2e  Code  Lc  stm32f4xx_hal_tim.o [1]
UART4_IRQHandler        0x08001979         Code  Wk  startup_stm32f407xx.o [1]
UART5_IRQHandler        0x0800197d         Code  Wk  startup_stm32f407xx.o [1]
USART1_IRQHandler       0x0800193d         Code  Wk  startup_stm32f407xx.o [1]
USART2_IRQHandler       0x08001941         Code  Wk  startup_stm32f407xx.o [1]
USART3_IRQHandler       0x08001945         Code  Wk  startup_stm32f407xx.o [1]
USART6_IRQHandler       0x080019c5         Code  Wk  startup_stm32f407xx.o [1]
UsageFault_Handler      0x08001895         Code  Wk  startup_stm32f407xx.o [1]
WWDG_IRQHandler         0x080018a9         Code  Wk  startup_stm32f407xx.o [1]
__cmain                 0x08001829         Code  Gb  cmain.o [5]
__exit                  0x08001855   0x14  Code  Gb  exit.o [6]
__iar_copy_init3        0x08000bbb   0x2e  Code  Gb  copy_init3.o [5]
__iar_data_init3        0x08001781   0x28  Code  Gb  data_init3.o [5]
__iar_init_vfp          0x0800180d         Code  Gb  fpinit_M.o [4]
__iar_program_start     0x08001879         Code  Gb  cstartup_M.o [5]
__iar_zero_init3        0x080017a9   0x22  Code  Gb  zero_init3.o [5]
__low_level_init        0x0800183f    0x4  Code  Gb  low_level_init.o [3]
__vector_table          0x08000000         Data  Gb  startup_stm32f407xx.o [1]
_call_main              0x08001835         Code  Gb  cmain.o [5]
_exit                   0x08001849         Code  Gb  cexit.o [5]
_main                   0x0800183b         Code  Gb  cmain.o [5]
exit                    0x08001843    0x4  Code  Gb  exit.o [3]
htim12                  0x20000014   0x3c  Data  Gb  main.o [1]
htim13                  0x20000050   0x3c  Data  Gb  main.o [1]
ic_val                  0x2000008c    0x4  Data  Gb  main.o [1]
main                    0x08000c71   0x54  Code  Gb  main.o [1]
range_mm                0x20000090    0x4  Data  Gb  main.o [1]
uwTick                  0x20000094    0x4  Data  Lc  stm32f4xx_hal.o [1]


[1] = C:\devel\GitHub\RoboController\LLU\Sonar-Module\Projects\EWARM\Sonar-Module Configuration\Obj
[2] = command line
[3] = dl7M_tln.a
[4] = m7M_tlv.a
[5] = rt7M_tl.a
[6] = shb_l.a

  6 598 bytes of readonly  code memory
     58 bytes of readonly  data memory
  8 344 bytes of readwrite data memory

Errors: none
Warnings: none
